Script started on 2020-11-10 21:08:43-05:00 [TERM="xterm-256color" TTY="/dev/pts/3" COLUMNS="76" LINES="49"]
cyang58@remote03:~/i220a/submit/lab10$ cl[K[Kls
exercises  lab10.LOG
cyang58@remote03:~/i220a/submit/lab10$ clear
[H[2J[3Jcyang58@remote03:~/i220a/submit/lab10$ cd pr[K[K[K[K[Kls c[K[K[K[Kcd exercises/process-memory/
cyang58@remote03:~/i220a/submit/lab10/exercises/process-memory$ make
cc -g -Wall -std=c11 -O1    process-memory.c   -o process-memory
cyang58@remote03:~/i220a/submit/lab10/exercises/process-memory$ ./process-memory  1[K[K[K 10 %%[K[K&
[1] 154017
cyang58@remote03:~/i220a/submit/lab10/exercises/process-memory$ 10 MB allocated at 0x7fc8e07c8010
returnn
bash: returnn: command not found
cyang58@remote03:~/i220a/submit/lab10/exercises/process-memory$ returnn[Kreturnn[Kreturnn./process-memory 10 &[A[C[C[C[C[C[C[C[C[C[C[C[C[C[C[C[C[C[C[C[C[C[C[C[C[C[C[C[C[C[C[C[C[C[C[C[C[C[C[C[C[C[C[C[C[C[C[C[C[C[C[C[C[C[C[C[8Pmake
[K[A[C[C[C[C[C[C[C[C[C[C[C[C[C[C[C[C[C[C[C[C[C[C[C[C[C[C[C[C[C[C[C[C[C[C[C[C[C[C[C[C[C[C[C[C[C[C[C[C[C[C[C[C[C[C[C[C[C[C[C[C[C[C[C[C[C[C[C[C
make: Nothing to be done for 'all'.
cyang58@remote03:~/i220a/submit/lab10/exercises/process-memory$ re[K[Kmakereturnn./process-memory 10 &[A[C[C[C[C[C[C[C[C[C[C[C[C[C[C[C[C[C[C[C[C[C[C[C[C[C[C[C[C[C[C[C[C[C[C[C[C[C[C[C[C[C[C[C[C[C[C[C[C[C[C[C[C[C[C[C[8Pmake
[K[A[C[C[C[C[C[C[C[C[C[C[C[C[C[C[C[C[C[C[C[C[C[C[C[C[C[C[C[C[C[C[C[C[C[C[C[C[C[C[C[C[C[C[C[C[C[C[C[C[C[C[C[C[C[C[C[C[C[C[C[C[C[C[C[C[C[C[C[C
make: Nothing to be done for 'all'.
cyang58@remote03:~/i220a/submit/lab10/exercises/process-memory$ ps -FP[Kp
error: list of process IDs must follow -p

Usage:
 ps [options]

 Try 'ps --help <simple|list|output|threads|misc|all>'
  or 'ps --help <s|l|o|t|m|a>'
 for additional help text.

For more details see ps(1).
cyang58@remote03:~/i220a/submit/lab10/exercises/process-memory$ ps -Fp PID
error: process ID list syntax error

Usage:
 ps [options]

 Try 'ps --help <simple|list|output|threads|misc|all>'
  or 'ps --help <s|l|o|t|m|a>'
 for additional help text.

For more details see ps(1).
cyang58@remote03:~/i220a/submit/lab10/exercises/process-memory$ sz
sz: need at least one file to send
Try `sz --help' for more information.
[1]+  Done                    ./process-memory 10
cyang58@remote03:~/i220a/submit/lab10/exercises/process-memory$ ps
    PID TTY          TIME CMD
 153808 pts/4    00:00:00 bash
 154563 pts/4    00:00:00 ps
cyang58@remote03:~/i220a/submit/lab10/exercises/process-memory$ ps -[K[K[K[Kman ps
[?1049h[22;0;0t[?1h=PS(1)                          User Commands                         PS(1)[m
[m
[1mNAME[0m[m
       ps - report a snapshot of the current processes.[m
[m
[1mSYNOPSIS[0m[m
       [1mps[0m [[4moptions[24m][m
[m
[1mDESCRIPTION[0m[m
       [1mps[0m displays information about a selection of the active processes.[m
       If you want a repetitive update of the selection and the displayed[m
       information, use [4mtop[24m(1) instead.[m
[m
       This version of [1mps[0m accepts several kinds of options:[m
[m
       1   UNIX options, which may be grouped and must be preceded by a[m
           dash.[m
       2   BSD options, which may be grouped and must not be used with a[m
           dash.[m
       3   GNU long options, which are preceded by two dashes.[m
[m
       Options of different types may be freely mixed, but conflicts can[m
       appear.  There are some synonymous options, which are functionally[m
       identical, due to the many standards and [1mps[0m implementations that[m
       this [1mps[0m is compatible with.[m
[m
       Note that "[1mps[0m [1m-aux[0m" is distinct from "[1mps[0m [1maux[0m".  The POSIX and UNIX[m
       standards require that "[1mps[0m [1m-aux[0m" print all processes owned by a[m
       user named "x", as well as printing all processes that would be[m
       selected by the [1m-a[0m option.  If the user named "x" does not exist,[m
       this [1mps[0m may interpret the command as "[1mps[0m [1maux[0m" instead and print a[m
       warning.  This behavior is intended to aid in transitioning old[m
       scripts and habits.  It is fragile, subject to change, and thus[m
       should not be relied upon.[m
[m
       By default, [1mps[0m selects all processes with the same effective user[m
       ID (euid=EUID) as the current user and associated with the same[m
       terminal as the invoker.  It displays the process ID (pid=PID), the[m
       terminal associated with the process (tname=TTY), the cumulated CPU[m
       time in [DD-]hh:mm:ss format (time=TIME), and the executable name[m
       (ucmd=CMD).  Output is unsorted by default.[m
[m
       The use of BSD-style options will add process state (stat=STAT) to[m
       the default display and show the command args (args=COMMAND)[m
       instead of the executable name.  You can override this with the[m
       [1mPS_FORMAT[0m environment variable. The use of BSD-style options will[m
       also change the process selection to include processes on other[m
       terminals (TTYs) that are owned by you; alternately, this may be[m
[7m Manual page ps(1) line 1 (press h for help or q to quit)[27m[K[K[?1l>[?1049l[23;0;0tcyang58@remote03:~/i220a/submit/lab10/exercises/process-memory$ clear
[H[2J[3Jcyang58@remote03:~/i220a/submit/lab10/exercises/process-memory$ s[K./process-memory 100 &
[1] 154909
cyang58@remote03:~/i220a/submit/lab10/exercises/process-memory$ 100 MB allocated at 0x7fa6d10c0010
sz
sz: need at least one file to send
Try `sz --help' for more information.
cyang58@remote03:~/i220a/submit/lab10/exercises/process-memory$ cd ../bug-program/
cyang58@remote03:~/i220a/submit/lab10/exercises/bug-program$ clear
[H[2J[3Jcyang58@remote03:~/i220a/submit/lab10/exercises/bug-program$ make
cc -g -Wall -std=c11 -O1    bug-program.c   -o bug-program
[1]+  Done                    ./process-memory 100  (wd: ~/i220a/submit/lab10/exercises/process-memory)
(wd now: ~/i220a/submit/lab10/exercises/bug-program)
cyang58@remote03:~/i220a/submit/lab10/exercises/bug-program$ nano bug-program.c
[?1049h[22;0;0t[1;49r(B[m[4l[?7h[39;49m[?1h=[?1h=[?1h=[?25l[39;49m(B[m[H[2J[47;31H(B[0;7m[ Reading File ](B[m[47;30H(B[0;7m[ Read 76 lines ](B[m[H(B[0;7m  GNU nano 3.2                   bug-program.c                              [1;75H(B[m[48d(B[0;7m^G(B[m Get Help    (B[0;7m^O(B[m Write Out   (B[0;7m^W(B[m Where Is    (B[0;7m^K(B[m Cut Text    (B[0;7m^J(B[m Justify[49d(B[0;7m^X(B[m Exit[49;16H(B[0;7m^R(B[m Read File   (B[0;7m^\(B[m Replace     (B[0;7m^U(B[m Uncut Text  (B[0;7m^T(B[m To Spell[47d[3d(B[0;1m[36m#include[39m(B[m (B[0;1m[33m<errno.h>[4d[36m#include[39m(B[m (B[0;1m[33m<stdio.h>[5d[36m#include[39m(B[m (B[0;1m[33m<stdlib.h>[6d[36m#include[39m(B[m (B[0;1m[33m<string.h>[8d[34m/** A struct used to form a linear chain of key-value pairs. */[9d(B[0m[32mstruct[39m(B[m KeyValue {[10;3H[32mconst[39m(B[m [32mchar[39m(B[m *key;[26G(B[0;1m[34m/** string key */[11;3H(B[0m[32mint[39m(B[m value;[11;26H(B[0;1m[34m/** integer value */[12;3H(B[0m[32mstruct[39m(B[m KeyValue *succ; (B[0;1m[34m/** next key-value in chain */[13d[39m(B[m};[15d(B[0;1m[34m/** Given some chain keyValues of key-value struct's, add the[16d *  key-value (k, v) at head of chain keyValues and return the[17d *  resulting chain.[18d */[19d(B[0m[32mstatic[39m(B[m [32mstruct[39m(B[m KeyValue *[20dadd_key_value([32mstruct[39m(B[m KeyValue *keyValues, [32mconst[39m(B[m [32mchar[39m(B[m *k, [32mint[39m(B[m v)[21d{[22d (B[0;1m[34m//allocate storage for new KeyValue struct[23;3H(B[0m[32mstruct[39m(B[m KeyValue *kv = malloc([32msizeof[39m(B[m([32mstruct[39m(B[m KeyValue *));[25;3H(B[0;1m[34m//allocate storage for string pointed to by k[26;3H(B[0m[32mchar[39m(B[m *s = malloc(strlen(k));[28;3H(B[0;1m[33mif[39m(B[m (kv == (B[0;1m[31mNULL[39m(B[m || s == (B[0;1m[31mNULL[39m(B[m) { (B[0;1m[34m//check if allocations succeeded[29;5H[39m(B[mfprintf(stderr, (B[0;1m[33m"malloc failure: %s\n"[39m(B[m, strerror(errno));[30;5Hexit(1);[31;3H}[32dstrcpy(s, k);  (B[0;1m[34m//copy string k into newly allocated memory pointed to by s[34;3H//initialize fields of *kv.[35;3H[39m(B[mkv->key = s; kv->value = v; kv->succ = keyValues;[37;3H[35mreturn[39m(B[m kv;[38d}[40d(B[0;1m[34m/** Free all the key-value's in keyValues. */[41d(B[0m[32mstatic[39m(B[m [32mvoid[42d[39m(B[mfree_key_values([32mstruct[39m(B[m KeyValue *keyValues)[43d{[44d (B[0;1m[34m//go thru chain of keyValues[45;3H[33mfor[39m(B[m ([32mstruct[39m(B[m KeyValue *p = keyValues; p != (B[0;1m[31mNULL[39m(B[m; p = p->succ) {[46;5Hfree(p); (B[0;1m[34m//free KeyValue struct[3d[39m(B[m[?12l[?25h[?25l[4d[?12l[?25h[?25l[5d[?12l[?25h[?25l[6d[?12l[?25h[?25l[7d[?12l[?25h[?25l[8d[?12l[?25h[?25l[9d[?12l[?25h[?25l[10d[?12l[?25h[?25l[11d[?12l[?25h[?25l[12d[?12l[?25h[?25l[13d[?12l[?25h[?25l[14d[?12l[?25h[?25l[15d[?12l[?25h[?25l[16d[?12l[?25h[?25l[17d[?12l[?25h[?25l[18d[?12l[?25h[?25l[19d[?12l[?25h[?25l[20d[?12l[?25h[?25l[21d[?12l[?25h[?25l[22d[?12l[?25h[?25l[23d[?12l[?25h[?25l[24d[?12l[?25h[?25l[25d[?12l[?25h[?25l[26d[?12l[?25h[?25l [?12l[?25h[?25l [?12l[?25h[?25l[47d[K[25d  [?12l[?25h[?25l[C[?12l[?25h[?25l[C[?12l[?25h[?25l[C[?12l[?25h[?25l[C[?12l[?25h[?25l[C[?12l[?25h[?25l[C[?12l[?25h[?25l[C[?12l[?25h[?25l[C[?12l[?25h[?25l[C[?12l[?25h[?25l[26d[?12l[?25h[?25l [?12l[?25h[?25lm[?12l[?25h[?25la[?12l[?25h[?25ll[?12l[?25h[?25ll[?12l[?25h[?25lo[?12l[?25h[?25lc[?12l[?25h[?25l([?12l[?25h[?25ls[?12l[?25h[?25lt[?12l[?25h[?25lr[?12l[?25h[?25ll[?12l[?25h[?25le[?12l[?25h[?25ln[?12l[?25h[?25l([?12l[?25h[?25lk[?12l[?25h[?25l)[?12l[?25h[?25l[1;67H(B[0;7mModified(B[m[26;29H+);[?12l[?25h[?25l1);[?12l[?25h[?25l[A[?12l[?25h[?25l[A[?12l[?25h[?25l[25d[?12l[?25h[?25l [?12l[?25h[?25l [?12l[?25h[?25l[C[?12l[?25h[?25l[C[?12l[?25h[?25l[?12l[?25h[?25l[?12l[?25h[?25l[A[?12l[?25h[?25l[A  [?12l[?25h[?25l[?12l[?25h[?25l[?12l[?25h[?25l[22;45H[?12l[?25h[?25l[?12l[?25h[?25l[?12l[?25h[?25l[23d[?12l[?25h[?25l[C[?12l[?25h[?25l[C[?12l[?25h[?25l [?12l[?25h[?25lK[?12l[?25h[?25le[?12l[?25h[?25ly[?12l[?25h[?25lV[?12l[?25h[?25la[?12l[?25h[?25ll[?12l[?25h[?25lu[?12l[?25h[?25le[?12l[?25h[?25l [?12l[?25h[?25l*[?12l[?25h[?25l));[K[?12l[?25h[?25l));[K[?12l[?25h[?25l[24d[?12l[?25h[?25l[25;48H[?12l[?25h[?25l[26;33H[?12l[?25h[?25l[27d[?12l[?25h[?25l[28;54H[?12l[?25h[?25l[29d[?12l[?25h[?25l[30;13H[?12l[?25h[?25l[31;4H[?12l[?25h[?25l[32;54H[?12l[?25h[?25l[33d[?12l[?25h[?25l[34;30H[?12l[?25h[?25l[35;52H[?12l[?25h[?25l[36d[?12l[?25h[?25l[37;13H[?12l[?25h[?25l[38d}[?12l[?25h[?25l[39d[?12l[?25h[?25l[40;46H[?12l[?25h[?25l[41;12H[?12l[?25h[?25l[42;44H[?12l[?25h[?25l[43d{[?12l[?25h[?25l[44;31H[?12l[?25h[?25l[45;54H[?12l[?25h[?25l[46;36H[?12l[?25h[?25l7[2;47r8[47d[22S[1;49r[25;3H}[26d}[28d(B[0;1m[34m/** Make key-values for all the words in the first verse of Carroll's[29d *  Jabberwocky with value being the index of the word.[30d */[31d(B[0m[32mstatic[39m(B[m [32mstruct[39m(B[m KeyValue *[32dmake_key_values([32mvoid[39m(B[m) {[33;3H[32mconst[39m(B[m [32mchar[39m(B[m *keys[] = {[34;5H(B[0;1m[33m"twas"[39m(B[m, (B[0;1m[33m"brillig"[39m(B[m, (B[0;1m[33m"and"[39m(B[m, (B[0;1m[33m"the"[39m(B[m, (B[0;1m[33m"slithy"[39m(B[m, (B[0;1m[33m"toves"[39m(B[m,[35;5H(B[0;1m[33m"did"[39m(B[m, (B[0;1m[33m"gyre"[39m(B[m, (B[0;1m[33m"and"[39m(B[m, (B[0;1m[33m"gimble"[39m(B[m, (B[0;1m[33m"in"[39m(B[m, (B[0;1m[33m"the"[39m(B[m, (B[0;1m[33m"wabe"[39m(B[m,[36;5H(B[0;1m[33m"all"[39m(B[m, (B[0;1m[33m"mimsy"[39m(B[m, (B[0;1m[33m"were"[39m(B[m, (B[0;1m[33m"the"[39m(B[m, (B[0;1m[33m"borogoves"[39m(B[m,[37;5H(B[0;1m[33m"and"[39m(B[m, (B[0;1m[33m"the"[39m(B[m, (B[0;1m[33m"mome"[39m(B[m, (B[0;1m[33m"raths"[39m(B[m, (B[0;1m[33m"outgrabe"[39m(B[m,[38;3H};[39d[32mstruct[39m(B[m KeyValue *p = (B[0;1m[31mNULL[39m(B[m;[40;3H(B[0;1m[33mfor[39m(B[m ([32mint[39m(B[m i = 0; i < [32msizeof[39m(B[m(keys)/[32msizeof[39m(B[m(keys[0]); i++) {[41;5Hp = add_key_value(p, keys[i], i);[42;3H}[43d[35mreturn[39m(B[m p;[44d}[46d(B[0;1m[34m/** Print out all the words in the first verse of Carroll's Jabberwocky[25;4H[39m(B[m[?12l[?25h[?25l[26d[?12l[?25h[?25l[27d[?12l[?25h[?25l[28;54H[?12l[?25h[?25l[29d[?12l[?25h[?25l[30;4H[?12l[?25h[?25l[29;54H[?12l[?25h[?25l[A[?12l[?25h[?25l[A[?12l[?25h[?25l[A}[?12l[?25h[?25l[A }[?12l[?25h[?25l[?12l[?25h[?25l[?12l[?25h[?25l [?12l[?25h[?25l}[?12l[?25h[?25l[42m  [49m(B[m[K[?12l[?25h[?25l [?12l[?25h[?25l[K[?12l[?25h[?25l[25;47r[47;1H
[1;49r[46;1H(B[0;1m[34m *  paired with their index in the verse.[24;36H[39m(B[m[?12l[?25h[?25l [?12l[?25h[?25l [?12l[?25h[?25l [?12l[?25h[?25l [?12l[?25h[?25l [?12l[?25h[?25l[42m [49m(B[m[K[?12l[?25h[?25l [?12l[?25h[?25l [?12l[?25h[?25l [?12l[?25h[?25l [?12l[?25h[?25l [?12l[?25h[?25l [?12l[?25h[?25l [?12l[?25h[?25l [?12l[?25h[?25l[42m [49m(B[m[K[?12l[?25h[?25l [?12l[?25h[?25l [?12l[?25h[?25l [?12l[?25h[?25l [?12l[?25h[?25l [?12l[?25h[?25l/[K[?12l[?25h[?25l[42m [49m(B[m[K[?12l[?25h[?25l [?12l[?25h[?25l [?12l[?25h[?25l [?12l[?25h[?25l [?12l[?25h[?25l [?12l[?25h[?25l [?12l[?25h[?25l [?12l[?25h[?25l [?12l[?25h[?25l[42m    [49m(B[m[K[?12l[?25h[?25l [?12l[?25h[?25l [?12l[?25h[?25l [?12l[?25h[?25l[K[?12l[?25h[?25l[24;47r[47;1H
[1;49r[46;1H(B[0;1m[34m */[23;65H[39m(B[m[?12l[?25h[?25l[42m [49m(B[m[K[?12l[?25h[?25l [?12l[?25h[?25l [?12l[?25h[?25l [?12l[?25h[?25l [?12l[?25h[?25l [?12l[?25h[?25l [?12l[?25h[?25l [?12l[?25h[?25l [?12l[?25h[?25l[42m [49m(B[m[K[?12l[?25h[?25l [?12l[?25h[?25l[42m [49m(B[m[K[?12l[?25h[?25l [?12l[?25h[?25l[42m [49m(B[m[K[?12l[?25h[?25l [?12l[?25h[?25l [?12l[?25h[?25l [?12l[?25h[?25l [?12l[?25h[?25lN[K[?12l[?25h[?25l[42m [49m(B[m[K[?12l[?25h[?25l [?12l[?25h[?25l [?12l[?25h[?25l[42m [49m(B[m[K[?12l[?25h[?25l [?12l[?25h[?25l[42m [49m(B[m[K[?12l[?25h[?25l [?12l[?25h[?25l [?12l[?25h[?25l [?12l[?25h[?25l [?12l[?25h[?25l [?12l[?25h[?25l [?12l[?25h[?25l [?12l[?25h[?25l [?12l[?25h[?25l [?12l[?25h[?25l [?12l[?25h[?25l[42m [49m(B[m[K[?12l[?25h[?25l [?12l[?25h[?25l[42m [49m(B[m[K[?12l[?25h[?25l [?12l[?25h[?25l [?12l[?25h[?25l[42m [49m(B[m[K[?12l[?25h[?25l [?12l[?25h[?25l [?12l[?25h[?25l [?12l[?25h[?25l [?12l[?25h[?25l [?12l[?25h[?25l [?12l[?25h[?25l [?12l[?25h[?25l [?12l[?25h[?25l[42m [49m(B[m[K[?12l[?25h[?25l [?12l[?25h[?25l[8Gstruc[K[?12l[?25h[?25l [?12l[?25h[?25l [?12l[?25h[?25l [?12l[?25h[?25l [?12l[?25h[?25l [?12l[?25h[?25l[42m [49m(B[m[K[?12l[?25h[?25l [?12l[?25h[?25lfo[K[?12l[?25h[?25l [?12l[?25h[?25l[42m  [49m(B[m[K[?12l[?25h[?25l  s[?12l[?25h[?25lt[?12l[?25h[?25lr[?12l[?25h[?25lu[?12l[?25h[?25lc[?12l[?25h[?25l  [32mstruct[39m(B[m[?12l[?25h[?25l[42m [49m(B[m[?12l[?25h[?25l K[?12l[?25h[?25le[?12l[?25h[?25ly[?12l[?25h[?25lV[?12l[?25h[?25la[?12l[?25h[?25ll[?12l[?25h[?25lu[?12l[?25h[?25le[?12l[?25h[?25l[42m [49m(B[m[?12l[?25h[?25l *[?12l[?25h[?25lt[?12l[?25h[?25lp[?12l[?25h[?25l;[?12l[?25h[?25l7[24;46r8[24dM[1;49r[24;1H[?12l[?25h[?25l[8G[42m[1K [49m(B[m[?12l[?25h[?25l[K[?12l[?25h[?25l[42m [49m(B[m[?12l[?25h[?25l[42m [49m(B[m[?12l[?25h[?25l  w[?12l[?25h[?25lh[?12l[?25h[?25li[?12l[?25h[?25ll[?12l[?25h[?25l  (B[0;1m[33mwhile[39m(B[m[?12l[?25h[?25l[42m [49m(B[m[?12l[?25h[?25l ([?12l[?25h[?25lK[?12l[?25h[?25l [?12l[?25h[?25lk[?12l[?25h[?25le[?12l[?25h[?25ly[?12l[?25h[?25lV[?12l[?25h[?25la[?12l[?25h[?25ll[?12l[?25h[?25lu[?12l[?25h[?25le[?12l[?25h[?25ls[?12l[?25h[?25l[42m [49m(B[m[?12l[?25h[?25l ![?12l[?25h[?25l=[?12l[?25h[?25l[42m [49m(B[m[?12l[?25h[?25l N[?12l[?25h[?25l(B[0;1m[31mNU[39m(B[m[?12l[?25h[?25l:[?12l[?25h[?25l:[?12l[?25h[?25l)[?12l[?25h[?25l [?12l[?25h[?25l [?12l[?25h[?25l [?12l[?25h[?25l:[?12l[?25h[?25l [?12l[?25h[?25l(B[0;1m[31mL[39m(B[m[?12l[?25h[?25l(B[0;1m[31mL[39m(B[m[?12l[?25h[?25l)[?12l[?25h[?25l[42m [49m(B[m[?12l[?25h[?25l {[?12l[?25h[?25l7[25;46r8[25dM[1;49r[25;1H[?12l[?25h[?25l[42m [49m(B[m[?12l[?25h[?25l[42m [49m(B[m[?12l[?25h[?25l [?12l[?25h[?25l[K[?12l[?25h[?25l[8G[42m[1K [49m(B[m[?12l[?25h[?25l[1K t[?12l[?25h[?25lp[?12l[?25h[?25l[42m [49m(B[m[?12l[?25h[?25l =[?12l[?25h[?25l[42m [49m(B[m[?12l[?25h[?25l k[?12l[?25h[?25le[?12l[?25h[?25ly[?12l[?25h[?25lB[?12l[?25h[?25la[?12l[?25h[?25l [?12l[?25h[?25l [?12l[?25h[?25lV[?12l[?25h[?25la[?12l[?25h[?25ll[?12l[?25h[?25lu[?12l[?25h[?25le[?12l[?25h[?25ls[?12l[?25h[?25l;[?12l[?25h[?25l7[26;46r8[26dM[1;49r[26;1H[?12l[?25h[?25l[8G[42m[1K [49m(B[m[?12l[?25h[?25l[1K k[?12l[?25h[?25le[?12l[?25h[?25ly[?12l[?25h[?25lV[?12l[?25h[?25la[?12l[?25h[?25ll[?12l[?25h[?25lu[?12l[?25h[?25le[?12l[?25h[?25ls[?12l[?25h[?25l[42m [49m(B[m[?12l[?25h[?25l =[?12l[?25h[?25l[42m [49m(B[m[?12l[?25h[?25l k[?12l[?25h[?25le[?12l[?25h[?25ly[?12l[?25h[?25lV[?12l[?25h[?25la[?12l[?25h[?25ll[?12l[?25h[?25lu[?12l[?25h[?25le[?12l[?25h[?25ls[?12l[?25h[?25l[42m [49m(B[m[?12l[?25h[?25l -[?12l[?25h[?25l>[?12l[?25h[?25ls[?12l[?25h[?25lu[?12l[?25h[?25lc[?12l[?25h[?25lc[?12l[?25h[?25l;[?12l[?25h[?25l7[27;47r8[27dM[1;49r[27;1H[?12l[?25h[?25l[8G[42m[1K [49m(B[m[?12l[?25h[?25l[1K f[?12l[?25h[?25lr[?12l[?25h[?25le[?12l[?25h[?25le[?12l[?25h[?25l([?12l[?25h[?25l([?12l[?25h[?25lc[?12l[?25h[?25lh[?12l[?25h[?25la[?12l[?25h[?25l[32mchar[39m(B[m[?12l[?25h[?25l)[?12l[?25h[?25l[42m [49m(B[m[?12l[?25h[?25l *[?12l[?25h[?25l)[?12l[?25h[?25lt[?12l[?25h[?25lp[?12l[?25h[?25l-[?12l[?25h[?25l>[?12l[?25h[?25lk[?12l[?25h[?25le[?12l[?25h[?25ly[?12l[?25h[?25l)[?12l[?25h[?25l;[?12l[?25h[?25l7[28;46r8[28dM[1;49r[28;1H[?12l[?25h[?25l[8G[42m[1K [49m(B[m[?12l[?25h[?25l[1K f[?12l[?25h[?25lr[?12l[?25h[?25le[?12l[?25h[?25le[?12l[?25h[?25l([?12l[?25h[?25lt[?12l[?25h[?25lp[?12l[?25h[?25l)[?12l[?25h[?25l;[?12l[?25h[?25l7[29;46r8[29dM[1;49r[29;1H[?12l[?25h[?25l[42m [49m(B[m[?12l[?25h[?25l[42m [49m(B[m[?12l[?25h[?25l  }[?12l[?25h[?25l[?1h=[?1h=[?1h=[H[2J(B[0;7m  GNU nano 3.2                   bug-program.c                    Modified  [3;3H(B[0;1m[34m//allocate storage for string pointed to by k[4;3H(B[0m[32mchar[39m(B[m *s = malloc(strlen(k)+1);[6;3H(B[0;1m[33mif[39m(B[m (kv == (B[0;1m[31mNULL[39m(B[m || s == (B[0;1m[31mNULL[39m(B[m) { (B[0;1m[34m//check if allocations succeeded[7;5H[39m(B[mfprintf(stderr, (B[0;1m[33m"malloc failure: %s\n"[39m(B[m, strerror(errno));[8;5Hexit(1);[9;3H}[10dstrcpy(s, k);  (B[0;1m[34m//copy string k into newly allocated memory pointed to by s[12;3H//initialize fields of *kv.[13;3H[39m(B[mkv->key = s; kv->value = v; kv->succ = keyValues;[15;3H[35mreturn[39m(B[m kv;[16d}[18d(B[0;1m[34m/** Free all the key-value's in keyValues. */[19d(B[0m[32mstatic[39m(B[m [32mvoid[20d[39m(B[mfree_key_values([32mstruct[39m(B[m KeyValue *keyValues)[21d{[22d (B[0;1m[34m//go thru chain of keyValues[23;3H(B[0m[32mstruct[39m(B[m KeyValue *tp;[24;3H(B[0;1m[33mwhile[39m(B[m (keyValues != (B[0;1m[31mNULL[39m(B[m) {[25;9Htp = keyValues;[26;9HkeyValues = keyValues ->succ;[27;9Hfree(([32mchar[39m(B[m) *)tp->key);[28;9Hfree(tp);[29;3H}[30d}[32d(B[0;1m[34m/** Make key-values for all the words in the first verse of Carroll's[33d *  Jabberwocky with value being the index of the word.[34d */[35d(B[0m[32mstatic[39m(B[m [32mstruct[39m(B[m KeyValue *[36dmake_key_values([32mvoid[39m(B[m) {[37;3H[32mconst[39m(B[m [32mchar[39m(B[m *keys[] = {[38;5H(B[0;1m[33m"twas"[39m(B[m, (B[0;1m[33m"brillig"[39m(B[m, (B[0;1m[33m"and"[39m(B[m, (B[0;1m[33m"the"[39m(B[m, (B[0;1m[33m"slithy"[39m(B[m, (B[0;1m[33m"toves"[39m(B[m,[39;5H(B[0;1m[33m"did"[39m(B[m, (B[0;1m[33m"gyre"[39m(B[m, (B[0;1m[33m"and"[39m(B[m, (B[0;1m[33m"gimble"[39m(B[m, (B[0;1m[33m"in"[39m(B[m, (B[0;1m[33m"the"[39m(B[m, (B[0;1m[33m"wabe"[39m(B[m,[40;5H(B[0;1m[33m"all"[39m(B[m, (B[0;1m[33m"mimsy"[39m(B[m, (B[0;1m[33m"were"[39m(B[m, (B[0;1m[33m"the"[39m(B[m, (B[0;1m[33m"borogoves"[39m(B[m,[41;5H(B[0;1m[33m"and"[39m(B[m, (B[0;1m[33m"the"[39m(B[m, (B[0;1m[33m"mome"[39m(B[m, (B[0;1m[33m"raths"[39m(B[m, (B[0;1m[33m"outgrabe"[39m(B[m,[42;3H};[43d[32mstruct[39m(B[m KeyValue *p = (B[0;1m[31mNULL[39m(B[m;[44;3H(B[0;1m[33mfor[39m(B[m ([32mint[39m(B[m i = 0; i < [32msizeof[39m(B[m(keys)/[32msizeof[39m(B[m(keys[0]); i++) {[45;5Hp = add_key_value(p, keys[i], i);[46;3H}[48d(B[0;7m^G(B[m Get Help    (B[0;7m^O(B[m Write Out   (B[0;7m^W(B[m Where Is    (B[0;7m^K(B[m Cut Text    (B[0;7m^J(B[m Justify[49;76H[1d[47;3H[35mreturn[39m(B[m p;[48d}[K[49;28H(B[0;7m[ Help mode disabled ](B[m[29;4H[?12l[?25h[?25ly[?12l[?25h[?25l [?12l[?25h[?25l[?1h=[?1h=[?1h=[H[2J(B[0;7m  GNU nano 3.2                   bug-program.c                    Modified  [3;3H(B[0;1m[34m//allocate storage for string pointed to by k[4;3H(B[0m[32mchar[39m(B[m *s = malloc(strlen(k)+1);[6;3H(B[0;1m[33mif[39m(B[m (kv == (B[0;1m[31mNULL[39m(B[m || s == (B[0;1m[31mNULL[39m(B[m) { (B[0;1m[34m//check if allocations succeeded[7;5H[39m(B[mfprintf(stderr, (B[0;1m[33m"malloc failure: %s\n"[39m(B[m, strerror(errno));[8;5Hexit(1);[9;3H}[10dstrcpy(s, k);  (B[0;1m[34m//copy string k into newly allocated memory pointed to by s[12;3H//initialize fields of *kv.[13;3H[39m(B[mkv->key = s; kv->value = v; kv->succ = keyValues;[15;3H[35mreturn[39m(B[m kv;[16d}[18d(B[0;1m[34m/** Free all the key-value's in keyValues. */[19d(B[0m[32mstatic[39m(B[m [32mvoid[20d[39m(B[mfree_key_values([32mstruct[39m(B[m KeyValue *keyValues)[21d{[22d (B[0;1m[34m//go thru chain of keyValues[23;3H(B[0m[32mstruct[39m(B[m KeyValue *tp;[24;3H(B[0;1m[33mwhile[39m(B[m (keyValues != (B[0;1m[31mNULL[39m(B[m) {[25;9Htp = keyValues;[26;9HkeyValues = keyValues ->succ;[27;9Hfree(([32mchar[39m(B[m) *)tp->key);[28;9Hfree(tp);[29;3H}[30d}[32d(B[0;1m[34m/** Make key-values for all the words in the first verse of Carroll's[33d *  Jabberwocky with value being the index of the word.[34d */[35d(B[0m[32mstatic[39m(B[m [32mstruct[39m(B[m KeyValue *[36dmake_key_values([32mvoid[39m(B[m) {[37;3H[32mconst[39m(B[m [32mchar[39m(B[m *keys[] = {[38;5H(B[0;1m[33m"twas"[39m(B[m, (B[0;1m[33m"brillig"[39m(B[m, (B[0;1m[33m"and"[39m(B[m, (B[0;1m[33m"the"[39m(B[m, (B[0;1m[33m"slithy"[39m(B[m, (B[0;1m[33m"toves"[39m(B[m,[39;5H(B[0;1m[33m"did"[39m(B[m, (B[0;1m[33m"gyre"[39m(B[m, (B[0;1m[33m"and"[39m(B[m, (B[0;1m[33m"gimble"[39m(B[m, (B[0;1m[33m"in"[39m(B[m, (B[0;1m[33m"the"[39m(B[m, (B[0;1m[33m"wabe"[39m(B[m,[40;5H(B[0;1m[33m"all"[39m(B[m, (B[0;1m[33m"mimsy"[39m(B[m, (B[0;1m[33m"were"[39m(B[m, (B[0;1m[33m"the"[39m(B[m, (B[0;1m[33m"borogoves"[39m(B[m,[41;5H(B[0;1m[33m"and"[39m(B[m, (B[0;1m[33m"the"[39m(B[m, (B[0;1m[33m"mome"[39m(B[m, (B[0;1m[33m"raths"[39m(B[m, (B[0;1m[33m"outgrabe"[39m(B[m,[42;3H};[43d[32mstruct[39m(B[m KeyValue *p = (B[0;1m[31mNULL[39m(B[m;[44;3H(B[0;1m[33mfor[39m(B[m ([32mint[39m(B[m i = 0; i < [32msizeof[39m(B[m(keys)/[32msizeof[39m(B[m(keys[0]); i++) {[45;5Hp = add_key_value(p, keys[i], i);[46;3H}[48d[1;75H[48d(B[0;7m^G(B[m Get Help    (B[0;7m^O(B[m Write Out   (B[0;7m^W(B[m Where Is    (B[0;7m^K(B[m Cut Text    (B[0;7m^J(B[m Justify[49d(B[0;7m^X(B[m Exit[49;16H(B[0;7m^R(B[m Read File   (B[0;7m^\(B[m Replace     (B[0;7m^U(B[m Uncut Text  (B[0;7m^T(B[m To Spell[47d[47;28H(B[0;7m[ Help mode enabled ](B[m[29;4H[?12l[?25h[?25l[47d(B[0;7mSave modified buffer?  (Answering "No" will DISCARD changes.)               [48;1H Y(B[m Yes[K[49d(B[0;7m N(B[m No  [49;16H (B[0;7m^C(B[m Cancel[K[47;63H[?12l[?25h[?25l[48d(B[0;7m^G(B[m Get Help[48;20H(B[0;7mM-D(B[m DOS Format     (B[0;7mM-A(B[m Append[48;58H(B[0;7mM-B(B[m Backup File[49d(B[0;7m^C(B[m Cancel[17G   (B[0;7mM-M(B[m Mac Format     (B[0;7mM-P(B[m Prepend[49;58H(B[0;7m^T(B[m To Files[47d(B[0;7mFile Name to Write: bug-program.c                            (B[m[47;34H[?12l[?25h[?25l[K[1;75H[1;67H(B[0;7m        (B[m[47;30H(B[0;7m[ Wrote 80 lines ](B[m[J[49;76H[?12l[?25h[49;1H[?1049l[23;0;0t[?1l>cyang58@remote03:~/i220a/submit/lab10/exercises/bug-program$ make
cc -g -Wall -std=c11 -O1    bug-program.c   -o bug-program
[01m[Kbug-program.c:[m[K In function â€˜[01m[Kfree_key_values[m[Kâ€™:
[01m[Kbug-program.c:47:15:[m[K [01;31m[Kerror: [m[Kexpected expression before â€˜[01m[K)[m[Kâ€™ token
  free((char) *[01;31m[K)[m[Ktp->key);
               [01;31m[K^[m[K
[01m[Kbug-program.c:47:23:[m[K [01;31m[Kerror: [m[Kexpected statement before â€˜[01m[K)[m[Kâ€™ token
  free((char) *)tp->key[01;31m[K)[m[K;
                       [01;31m[K^[m[K
make: *** [<builtin>: bug-program] Error 1
cyang58@remote03:~/i220a/submit/lab10/exercises/bug-program$ makenano bug-program.c
[?1049h[22;0;0t[1;49r(B[m[4l[?7h[39;49m[?1h=[?1h=[?1h=[?25l[39;49m(B[m[H[2J[47;31H(B[0;7m[ Reading File ](B[m[47;30H(B[0;7m[ Read 80 lines ](B[m[H(B[0;7m  GNU nano 3.2                   bug-program.c                              [1;75H(B[m[48d(B[0;7m^G(B[m Get Help    (B[0;7m^O(B[m Write Out   (B[0;7m^W(B[m Where Is    (B[0;7m^K(B[m Cut Text    (B[0;7m^J(B[m Justify[49d(B[0;7m^X(B[m Exit[49;16H(B[0;7m^R(B[m Read File   (B[0;7m^\(B[m Replace     (B[0;7m^U(B[m Uncut Text  (B[0;7m^T(B[m To Spell[47d[3d(B[0;1m[36m#include[39m(B[m (B[0;1m[33m<errno.h>[4d[36m#include[39m(B[m (B[0;1m[33m<stdio.h>[5d[36m#include[39m(B[m (B[0;1m[33m<stdlib.h>[6d[36m#include[39m(B[m (B[0;1m[33m<string.h>[8d[34m/** A struct used to form a linear chain of key-value pairs. */[9d(B[0m[32mstruct[39m(B[m KeyValue {[10;3H[32mconst[39m(B[m [32mchar[39m(B[m *key;[26G(B[0;1m[34m/** string key */[11;3H(B[0m[32mint[39m(B[m value;[11;26H(B[0;1m[34m/** integer value */[12;3H(B[0m[32mstruct[39m(B[m KeyValue *succ; (B[0;1m[34m/** next key-value in chain */[13d[39m(B[m};[15d(B[0;1m[34m/** Given some chain keyValues of key-value struct's, add the[16d *  key-value (k, v) at head of chain keyValues and return the[17d *  resulting chain.[18d */[19d(B[0m[32mstatic[39m(B[m [32mstruct[39m(B[m KeyValue *[20dadd_key_value([32mstruct[39m(B[m KeyValue *keyValues, [32mconst[39m(B[m [32mchar[39m(B[m *k, [32mint[39m(B[m v)[21d{[22d (B[0;1m[34m//allocate storage for new KeyValue struct[23;3H(B[0m[32mstruct[39m(B[m KeyValue *kv = malloc([32msizeof[39m(B[m([32mstruct[39m(B[m KeyValue));[25;3H(B[0;1m[34m//allocate storage for string pointed to by k[26;3H(B[0m[32mchar[39m(B[m *s = malloc(strlen(k)+1);[28;3H(B[0;1m[33mif[39m(B[m (kv == (B[0;1m[31mNULL[39m(B[m || s == (B[0;1m[31mNULL[39m(B[m) { (B[0;1m[34m//check if allocations succeeded[29;5H[39m(B[mfprintf(stderr, (B[0;1m[33m"malloc failure: %s\n"[39m(B[m, strerror(errno));[30;5Hexit(1);[31;3H}[32dstrcpy(s, k);  (B[0;1m[34m//copy string k into newly allocated memory pointed to by s[34;3H//initialize fields of *kv.[35;3H[39m(B[mkv->key = s; kv->value = v; kv->succ = keyValues;[37;3H[35mreturn[39m(B[m kv;[38d}[40d(B[0;1m[34m/** Free all the key-value's in keyValues. */[41d(B[0m[32mstatic[39m(B[m [32mvoid[42d[39m(B[mfree_key_values([32mstruct[39m(B[m KeyValue *keyValues)[43d{[44d (B[0;1m[34m//go thru chain of keyValues[45;3H(B[0m[32mstruct[39m(B[m KeyValue *tp;[46;3H(B[0;1m[33mwhile[39m(B[m (keyValues != (B[0;1m[31mNULL[39m(B[m) {[3d[?12l[?25h[?25l[4d[?12l[?25h[?25l[5d[?12l[?25h[?25l[6d[?12l[?25h[?25l[7d[?12l[?25h[?25l[8d[?12l[?25h[?25l[9d[?12l[?25h[?25l[10d[?12l[?25h[?25l[11d[?12l[?25h[?25l[12d[?12l[?25h[?25l[13d[?12l[?25h[?25l[14d[?12l[?25h[?25l[15d[?12l[?25h[?25l[16d[?12l[?25h[?25l[17d[?12l[?25h[?25l[18d[?12l[?25h[?25l[19d[?12l[?25h[?25l[20d[?12l[?25h[?25l[21d[?12l[?25h[?25l[22d[?12l[?25h[?25l[23d[?12l[?25h[?25l[24d[?12l[?25h[?25l[25d[?12l[?25h[?25l[26d[?12l[?25h[?25l[27d[?12l[?25h[?25l[28d[?12l[?25h[?25l[47d[K[29d[?12l[?25h[?25l[30d[?12l[?25h[?25l[31d[?12l[?25h[?25l[32d[?12l[?25h[?25l[33d[?12l[?25h[?25l[34d[?12l[?25h[?25l[35d[?12l[?25h[?25l[36d[?12l[?25h[?25l[37d[?12l[?25h[?25l[38d[?12l[?25h[?25l[39d[?12l[?25h[?25l[40d[?12l[?25h[?25l[41d[?12l[?25h[?25l[42d[?12l[?25h[?25l[43d[?12l[?25h[?25l[44d[?12l[?25h[?25l[45d[?12l[?25h[?25l[46d[?12l[?25h[?25l7[2;47r8[47d[22S[1;49r[25;9Htp = keyValues;[26;9HkeyValues = keyValues ->succ;[27;9Hfree(([32mchar[39m(B[m) *)tp->key);[28;9Hfree(tp);[29;3H}[30d}[32d(B[0;1m[34m/** Make key-values for all the words in the first verse of Carroll's[33d *  Jabberwocky with value being the index of the word.[34d */[35d(B[0m[32mstatic[39m(B[m [32mstruct[39m(B[m KeyValue *[36dmake_key_values([32mvoid[39m(B[m) {[37;3H[32mconst[39m(B[m [32mchar[39m(B[m *keys[] = {[38;5H(B[0;1m[33m"twas"[39m(B[m, (B[0;1m[33m"brillig"[39m(B[m, (B[0;1m[33m"and"[39m(B[m, (B[0;1m[33m"the"[39m(B[m, (B[0;1m[33m"slithy"[39m(B[m, (B[0;1m[33m"toves"[39m(B[m,[39;5H(B[0;1m[33m"did"[39m(B[m, (B[0;1m[33m"gyre"[39m(B[m, (B[0;1m[33m"and"[39m(B[m, (B[0;1m[33m"gimble"[39m(B[m, (B[0;1m[33m"in"[39m(B[m, (B[0;1m[33m"the"[39m(B[m, (B[0;1m[33m"wabe"[39m(B[m,[40;5H(B[0;1m[33m"all"[39m(B[m, (B[0;1m[33m"mimsy"[39m(B[m, (B[0;1m[33m"were"[39m(B[m, (B[0;1m[33m"the"[39m(B[m, (B[0;1m[33m"borogoves"[39m(B[m,[41;5H(B[0;1m[33m"and"[39m(B[m, (B[0;1m[33m"the"[39m(B[m, (B[0;1m[33m"mome"[39m(B[m, (B[0;1m[33m"raths"[39m(B[m, (B[0;1m[33m"outgrabe"[39m(B[m,[42;3H};[43d[32mstruct[39m(B[m KeyValue *p = (B[0;1m[31mNULL[39m(B[m;[44;3H(B[0;1m[33mfor[39m(B[m ([32mint[39m(B[m i = 0; i < [32msizeof[39m(B[m(keys)/[32msizeof[39m(B[m(keys[0]); i++) {[45;5Hp = add_key_value(p, keys[i], i);[46;3H}[25d[?12l[?25h[?25l[26d[?12l[?25h[?25l[27d[?12l[?25h[?25l[28d[?12l[?25h[?25l[A[?12l[?25h[?25l[27;9H[?12l[?25h[?25lf[?12l[?25h[?25lr[?12l[?25h[?25le[?12l[?25h[?25le[?12l[?25h[?25l([?12l[?25h[?25l[?1h=[?1h=[?1h=[H[2J(B[0;7m  GNU nano 3.2                   bug-program.c                              [3;3H(B[0;1m[34m//allocate storage for string pointed to by k[4;3H(B[0m[32mchar[39m(B[m *s = malloc(strlen(k)+1);[6;3H(B[0;1m[33mif[39m(B[m (kv == (B[0;1m[31mNULL[39m(B[m || s == (B[0;1m[31mNULL[39m(B[m) { (B[0;1m[34m//check if allocations succeeded[7;5H[39m(B[mfprintf(stderr, (B[0;1m[33m"malloc failure: %s\n"[39m(B[m, strerror(errno));[8;5Hexit(1);[9;3H}[10dstrcpy(s, k);  (B[0;1m[34m//copy string k into newly allocated memory pointed to by s[12;3H//initialize fields of *kv.[13;3H[39m(B[mkv->key = s; kv->value = v; kv->succ = keyValues;[15;3H[35mreturn[39m(B[m kv;[16d}[18d(B[0;1m[34m/** Free all the key-value's in keyValues. */[19d(B[0m[32mstatic[39m(B[m [32mvoid[20d[39m(B[mfree_key_values([32mstruct[39m(B[m KeyValue *keyValues)[21d{[22d (B[0;1m[34m//go thru chain of keyValues[23;3H(B[0m[32mstruct[39m(B[m KeyValue *tp;[24;3H(B[0;1m[33mwhile[39m(B[m (keyValues != (B[0;1m[31mNULL[39m(B[m) {[25;9Htp = keyValues;[26;9HkeyValues = keyValues ->succ;[27;9Hfree(([32mchar[39m(B[m) *)tp->key);[28;9Hfree(tp);[29;3H}[30d}[32d(B[0;1m[34m/** Make key-values for all the words in the first verse of Carroll's[33d *  Jabberwocky with value being the index of the word.[34d */[35d(B[0m[32mstatic[39m(B[m [32mstruct[39m(B[m KeyValue *[36dmake_key_values([32mvoid[39m(B[m) {[37;3H[32mconst[39m(B[m [32mchar[39m(B[m *keys[] = {[38;5H(B[0;1m[33m"twas"[39m(B[m, (B[0;1m[33m"brillig"[39m(B[m, (B[0;1m[33m"and"[39m(B[m, (B[0;1m[33m"the"[39m(B[m, (B[0;1m[33m"slithy"[39m(B[m, (B[0;1m[33m"toves"[39m(B[m,[39;5H(B[0;1m[33m"did"[39m(B[m, (B[0;1m[33m"gyre"[39m(B[m, (B[0;1m[33m"and"[39m(B[m, (B[0;1m[33m"gimble"[39m(B[m, (B[0;1m[33m"in"[39m(B[m, (B[0;1m[33m"the"[39m(B[m, (B[0;1m[33m"wabe"[39m(B[m,[40;5H(B[0;1m[33m"all"[39m(B[m, (B[0;1m[33m"mimsy"[39m(B[m, (B[0;1m[33m"were"[39m(B[m, (B[0;1m[33m"the"[39m(B[m, (B[0;1m[33m"borogoves"[39m(B[m,[41;5H(B[0;1m[33m"and"[39m(B[m, (B[0;1m[33m"the"[39m(B[m, (B[0;1m[33m"mome"[39m(B[m, (B[0;1m[33m"raths"[39m(B[m, (B[0;1m[33m"outgrabe"[39m(B[m,[42;3H};[43d[32mstruct[39m(B[m KeyValue *p = (B[0;1m[31mNULL[39m(B[m;[44;3H(B[0;1m[33mfor[39m(B[m ([32mint[39m(B[m i = 0; i < [32msizeof[39m(B[m(keys)/[32msizeof[39m(B[m(keys[0]); i++) {[45;5Hp = add_key_value(p, keys[i], i);[46;3H}[48d(B[0;7m^G(B[m Get Help    (B[0;7m^O(B[m Write Out   (B[0;7m^W(B[m Where Is    (B[0;7m^K(B[m Cut Text    (B[0;7m^J(B[m Justify[49;76H[1d[47;3H[35mreturn[39m(B[m p;[48d}[K[49;28H(B[0;7m[ Help mode disabled ](B[m[27;14H[?12l[?25h[?25l[?1h=[?1h=[?1h=[H[2J(B[0;7m  GNU nano 3.2                   bug-program.c                              [3;3H(B[0;1m[34m//allocate storage for string pointed to by k[4;3H(B[0m[32mchar[39m(B[m *s = malloc(strlen(k)+1);[6;3H(B[0;1m[33mif[39m(B[m (kv == (B[0;1m[31mNULL[39m(B[m || s == (B[0;1m[31mNULL[39m(B[m) { (B[0;1m[34m//check if allocations succeeded[7;5H[39m(B[mfprintf(stderr, (B[0;1m[33m"malloc failure: %s\n"[39m(B[m, strerror(errno));[8;5Hexit(1);[9;3H}[10dstrcpy(s, k);  (B[0;1m[34m//copy string k into newly allocated memory pointed to by s[12;3H//initialize fields of *kv.[13;3H[39m(B[mkv->key = s; kv->value = v; kv->succ = keyValues;[15;3H[35mreturn[39m(B[m kv;[16d}[18d(B[0;1m[34m/** Free all the key-value's in keyValues. */[19d(B[0m[32mstatic[39m(B[m [32mvoid[20d[39m(B[mfree_key_values([32mstruct[39m(B[m KeyValue *keyValues)[21d{[22d (B[0;1m[34m//go thru chain of keyValues[23;3H(B[0m[32mstruct[39m(B[m KeyValue *tp;[24;3H(B[0;1m[33mwhile[39m(B[m (keyValues != (B[0;1m[31mNULL[39m(B[m) {[25;9Htp = keyValues;[26;9HkeyValues = keyValues ->succ;[27;9Hfree(([32mchar[39m(B[m) *)tp->key);[28;9Hfree(tp);[29;3H}[30d}[32d(B[0;1m[34m/** Make key-values for all the words in the first verse of Carroll's[33d *  Jabberwocky with value being the index of the word.[34d */[35d(B[0m[32mstatic[39m(B[m [32mstruct[39m(B[m KeyValue *[36dmake_key_values([32mvoid[39m(B[m) {[37;3H[32mconst[39m(B[m [32mchar[39m(B[m *keys[] = {[38;5H(B[0;1m[33m"twas"[39m(B[m, (B[0;1m[33m"brillig"[39m(B[m, (B[0;1m[33m"and"[39m(B[m, (B[0;1m[33m"the"[39m(B[m, (B[0;1m[33m"slithy"[39m(B[m, (B[0;1m[33m"toves"[39m(B[m,[39;5H(B[0;1m[33m"did"[39m(B[m, (B[0;1m[33m"gyre"[39m(B[m, (B[0;1m[33m"and"[39m(B[m, (B[0;1m[33m"gimble"[39m(B[m, (B[0;1m[33m"in"[39m(B[m, (B[0;1m[33m"the"[39m(B[m, (B[0;1m[33m"wabe"[39m(B[m,[40;5H(B[0;1m[33m"all"[39m(B[m, (B[0;1m[33m"mimsy"[39m(B[m, (B[0;1m[33m"were"[39m(B[m, (B[0;1m[33m"the"[39m(B[m, (B[0;1m[33m"borogoves"[39m(B[m,[41;5H(B[0;1m[33m"and"[39m(B[m, (B[0;1m[33m"the"[39m(B[m, (B[0;1m[33m"mome"[39m(B[m, (B[0;1m[33m"raths"[39m(B[m, (B[0;1m[33m"outgrabe"[39m(B[m,[42;3H};[43d[32mstruct[39m(B[m KeyValue *p = (B[0;1m[31mNULL[39m(B[m;[44;3H(B[0;1m[33mfor[39m(B[m ([32mint[39m(B[m i = 0; i < [32msizeof[39m(B[m(keys)/[32msizeof[39m(B[m(keys[0]); i++) {[45;5Hp = add_key_value(p, keys[i], i);[46;3H}[48d[1;75H[48d(B[0;7m^G(B[m Get Help    (B[0;7m^O(B[m Write Out   (B[0;7m^W(B[m Where Is    (B[0;7m^K(B[m Cut Text    (B[0;7m^J(B[m Justify[49d(B[0;7m^X(B[m Exit[49;16H(B[0;7m^R(B[m Read File   (B[0;7m^\(B[m Replace     (B[0;7m^U(B[m Uncut Text  (B[0;7m^T(B[m To Spell[47d[47;28H(B[0;7m[ Help mode enabled ](B[m[27;14H[?12l[?25h[?25l[47d[J[49;76H[?12l[?25h[49;1H[?1049l[23;0;0t[?1l>cyang58@remote03:~/i220a/submit/lab10/exercises/bug-program$ nano bug-program.c[A[C[C[C[C[C[C[C[C[C[C[C[C[C[C[C[C[C[C[C[C[C[C[C[C[C[C[C[C[C[C[C[C[C[C[C[C[C[C[C[C[C[C[C[C[C[C[C[C[C[C[C[C[C[C[C[C[C[C[K
[K[A[C[C[C[C[C[C[C[C[C[C[C[C[C[C[C[C[C[C[C[C[C[C[C[C[C[C[C[C[C[C[C[C[C[C[C[C[C[C[C[C[C[C[C[C[C[C[C[C[C[C[C[C[C[C[C[C[C[C[C[C[Cnano bug-program.c
[?1049h[22;0;0t[1;49r(B[m[4l[?7h[39;49m[?1h=[?1h=[?1h=[?25l[39;49m(B[m[H[2J[47;31H(B[0;7m[ Reading File ](B[m[47;30H(B[0;7m[ Read 80 lines ](B[m[H(B[0;7m  GNU nano 3.2                   bug-program.c                              [1;75H(B[m[48d(B[0;7m^G(B[m Get Help    (B[0;7m^O(B[m Write Out   (B[0;7m^W(B[m Where Is    (B[0;7m^K(B[m Cut Text    (B[0;7m^J(B[m Justify[49d(B[0;7m^X(B[m Exit[49;16H(B[0;7m^R(B[m Read File   (B[0;7m^\(B[m Replace     (B[0;7m^U(B[m Uncut Text  (B[0;7m^T(B[m To Spell[47d[3d(B[0;1m[36m#include[39m(B[m (B[0;1m[33m<errno.h>[4d[36m#include[39m(B[m (B[0;1m[33m<stdio.h>[5d[36m#include[39m(B[m (B[0;1m[33m<stdlib.h>[6d[36m#include[39m(B[m (B[0;1m[33m<string.h>[8d[34m/** A struct used to form a linear chain of key-value pairs. */[9d(B[0m[32mstruct[39m(B[m KeyValue {[10;3H[32mconst[39m(B[m [32mchar[39m(B[m *key;[26G(B[0;1m[34m/** string key */[11;3H(B[0m[32mint[39m(B[m value;[11;26H(B[0;1m[34m/** integer value */[12;3H(B[0m[32mstruct[39m(B[m KeyValue *succ; (B[0;1m[34m/** next key-value in chain */[13d[39m(B[m};[15d(B[0;1m[34m/** Given some chain keyValues of key-value struct's, add the[16d *  key-value (k, v) at head of chain keyValues and return the[17d *  resulting chain.[18d */[19d(B[0m[32mstatic[39m(B[m [32mstruct[39m(B[m KeyValue *[20dadd_key_value([32mstruct[39m(B[m KeyValue *keyValues, [32mconst[39m(B[m [32mchar[39m(B[m *k, [32mint[39m(B[m v)[21d{[22d (B[0;1m[34m//allocate storage for new KeyValue struct[23;3H(B[0m[32mstruct[39m(B[m KeyValue *kv = malloc([32msizeof[39m(B[m([32mstruct[39m(B[m KeyValue));[25;3H(B[0;1m[34m//allocate storage for string pointed to by k[26;3H(B[0m[32mchar[39m(B[m *s = malloc(strlen(k)+1);[28;3H(B[0;1m[33mif[39m(B[m (kv == (B[0;1m[31mNULL[39m(B[m || s == (B[0;1m[31mNULL[39m(B[m) { (B[0;1m[34m//check if allocations succeeded[29;5H[39m(B[mfprintf(stderr, (B[0;1m[33m"malloc failure: %s\n"[39m(B[m, strerror(errno));[30;5Hexit(1);[31;3H}[32dstrcpy(s, k);  (B[0;1m[34m//copy string k into newly allocated memory pointed to by s[34;3H//initialize fields of *kv.[35;3H[39m(B[mkv->key = s; kv->value = v; kv->succ = keyValues;[37;3H[35mreturn[39m(B[m kv;[38d}[40d(B[0;1m[34m/** Free all the key-value's in keyValues. */[41d(B[0m[32mstatic[39m(B[m [32mvoid[42d[39m(B[mfree_key_values([32mstruct[39m(B[m KeyValue *keyValues)[43d{[44d (B[0;1m[34m//go thru chain of keyValues[45;3H(B[0m[32mstruct[39m(B[m KeyValue *tp;[46;3H(B[0;1m[33mwhile[39m(B[m (keyValues != (B[0;1m[31mNULL[39m(B[m) {[3d[?12l[?25h[?25l[4d[?12l[?25h[?25l[5d[?12l[?25h[?25l[6d[?12l[?25h[?25l[7d[?12l[?25h[?25l[8d[?12l[?25h[?25l[9d[?12l[?25h[?25l[10d[?12l[?25h[?25l[11d[?12l[?25h[?25l[12d[?12l[?25h[?25l[13d[?12l[?25h[?25l[14d[?12l[?25h[?25l[15d[?12l[?25h[?25l[16d[?12l[?25h[?25l[17d[?12l[?25h[?25l[18d[?12l[?25h[?25l[19d[?12l[?25h[?25l[20d[?12l[?25h[?25l[21d[?12l[?25h[?25l[22d[?12l[?25h[?25l[23d[?12l[?25h[?25l[24d[?12l[?25h[?25l[25d[?12l[?25h[?25l[26d[?12l[?25h[?25l[27d[?12l[?25h[?25l[28d[?12l[?25h[?25l[47d[K[29d[?12l[?25h[?25l[30d[?12l[?25h[?25l[31d[?12l[?25h[?25l[32d[?12l[?25h[?25l[33d[?12l[?25h[?25l[34d[?12l[?25h[?25l[35d[?12l[?25h[?25l[36d[?12l[?25h[?25l[37d[?12l[?25h[?25l[38d[?12l[?25h[?25l[39d[?12l[?25h[?25l[40d[?12l[?25h[?25l[41d[?12l[?25h[?25l[42d[?12l[?25h[?25l[43d[?12l[?25h[?25l[44d[?12l[?25h[?25l[45d[?12l[?25h[?25l[46d[?12l[?25h[?25l7[2;47r8[47d[22S[1;49r[25;9Htp = keyValues;[26;9HkeyValues = keyValues ->succ;[27;9Hfree(([32mchar[39m(B[m) *)tp->key);[28;9Hfree(tp);[29;3H}[30d}[32d(B[0;1m[34m/** Make key-values for all the words in the first verse of Carroll's[33d *  Jabberwocky with value being the index of the word.[34d */[35d(B[0m[32mstatic[39m(B[m [32mstruct[39m(B[m KeyValue *[36dmake_key_values([32mvoid[39m(B[m) {[37;3H[32mconst[39m(B[m [32mchar[39m(B[m *keys[] = {[38;5H(B[0;1m[33m"twas"[39m(B[m, (B[0;1m[33m"brillig"[39m(B[m, (B[0;1m[33m"and"[39m(B[m, (B[0;1m[33m"the"[39m(B[m, (B[0;1m[33m"slithy"[39m(B[m, (B[0;1m[33m"toves"[39m(B[m,[39;5H(B[0;1m[33m"did"[39m(B[m, (B[0;1m[33m"gyre"[39m(B[m, (B[0;1m[33m"and"[39m(B[m, (B[0;1m[33m"gimble"[39m(B[m, (B[0;1m[33m"in"[39m(B[m, (B[0;1m[33m"the"[39m(B[m, (B[0;1m[33m"wabe"[39m(B[m,[40;5H(B[0;1m[33m"all"[39m(B[m, (B[0;1m[33m"mimsy"[39m(B[m, (B[0;1m[33m"were"[39m(B[m, (B[0;1m[33m"the"[39m(B[m, (B[0;1m[33m"borogoves"[39m(B[m,[41;5H(B[0;1m[33m"and"[39m(B[m, (B[0;1m[33m"the"[39m(B[m, (B[0;1m[33m"mome"[39m(B[m, (B[0;1m[33m"raths"[39m(B[m, (B[0;1m[33m"outgrabe"[39m(B[m,[42;3H};[43d[32mstruct[39m(B[m KeyValue *p = (B[0;1m[31mNULL[39m(B[m;[44;3H(B[0;1m[33mfor[39m(B[m ([32mint[39m(B[m i = 0; i < [32msizeof[39m(B[m(keys)/[32msizeof[39m(B[m(keys[0]); i++) {[45;5Hp = add_key_value(p, keys[i], i);[46;3H}[25d[?12l[?25h[?25l[26d[?12l[?25h[?25l[27d[?12l[?25h[?25l[28d[?12l[?25h[?25l[29d[?12l[?25h[?25l[30d[?12l[?25h[?25l[A[?12l[?25h[?25l[A[?12l[?25h[?25l[28;9H[?12l[?25h[?25lf[?12l[?25h[?25lr[?12l[?25h[?25l[A[?12l[?25h[?25le[?12l[?25h[?25le[?12l[?25h[?25l([?12l[?25h[?25l([?12l[?25h[?25l[C[?12l[?25h[?25l[C[?12l[?25h[?25l[C[?12l[?25h[?25l[C[?12l[?25h[?25l)[?12l[?25h[?25l [?12l[?25h[?25l*[?12l[?25h[?25l)[?12l[?25h[?25l[1;67H(B[0;7mModified(B[m[27;22H[1P[?12l[?25h[?25l)tp->key);[27;23H[?12l[?25h[?25l[?12l[?25h[?25l[?12l[?25h[?25l[?12l[?25h[?25l[?12l[?25h[?25lcha[1P[?12l[?25h[?25l)[?12l[?25h[?25l[1P[?12l[?25h[?25l[32mchar[39m(B[m *)tp->key);[27;19H[?12l[?25h[?25l[?1h=[?1h=[?1h=[H[2J(B[0;7m  GNU nano 3.2                   bug-program.c                    Modified  [3;3H(B[0;1m[34m//allocate storage for string pointed to by k[4;3H(B[0m[32mchar[39m(B[m *s = malloc(strlen(k)+1);[6;3H(B[0;1m[33mif[39m(B[m (kv == (B[0;1m[31mNULL[39m(B[m || s == (B[0;1m[31mNULL[39m(B[m) { (B[0;1m[34m//check if allocations succeeded[7;5H[39m(B[mfprintf(stderr, (B[0;1m[33m"malloc failure: %s\n"[39m(B[m, strerror(errno));[8;5Hexit(1);[9;3H}[10dstrcpy(s, k);  (B[0;1m[34m//copy string k into newly allocated memory pointed to by s[12;3H//initialize fields of *kv.[13;3H[39m(B[mkv->key = s; kv->value = v; kv->succ = keyValues;[15;3H[35mreturn[39m(B[m kv;[16d}[18d(B[0;1m[34m/** Free all the key-value's in keyValues. */[19d(B[0m[32mstatic[39m(B[m [32mvoid[20d[39m(B[mfree_key_values([32mstruct[39m(B[m KeyValue *keyValues)[21d{[22d (B[0;1m[34m//go thru chain of keyValues[23;3H(B[0m[32mstruct[39m(B[m KeyValue *tp;[24;3H(B[0;1m[33mwhile[39m(B[m (keyValues != (B[0;1m[31mNULL[39m(B[m) {[25;9Htp = keyValues;[26;9HkeyValues = keyValues ->succ;[27;9Hfree(([32mchar[39m(B[m *)tp->key);[28;9Hfree(tp);[29;3H}[30d}[32d(B[0;1m[34m/** Make key-values for all the words in the first verse of Carroll's[33d *  Jabberwocky with value being the index of the word.[34d */[35d(B[0m[32mstatic[39m(B[m [32mstruct[39m(B[m KeyValue *[36dmake_key_values([32mvoid[39m(B[m) {[37;3H[32mconst[39m(B[m [32mchar[39m(B[m *keys[] = {[38;5H(B[0;1m[33m"twas"[39m(B[m, (B[0;1m[33m"brillig"[39m(B[m, (B[0;1m[33m"and"[39m(B[m, (B[0;1m[33m"the"[39m(B[m, (B[0;1m[33m"slithy"[39m(B[m, (B[0;1m[33m"toves"[39m(B[m,[39;5H(B[0;1m[33m"did"[39m(B[m, (B[0;1m[33m"gyre"[39m(B[m, (B[0;1m[33m"and"[39m(B[m, (B[0;1m[33m"gimble"[39m(B[m, (B[0;1m[33m"in"[39m(B[m, (B[0;1m[33m"the"[39m(B[m, (B[0;1m[33m"wabe"[39m(B[m,[40;5H(B[0;1m[33m"all"[39m(B[m, (B[0;1m[33m"mimsy"[39m(B[m, (B[0;1m[33m"were"[39m(B[m, (B[0;1m[33m"the"[39m(B[m, (B[0;1m[33m"borogoves"[39m(B[m,[41;5H(B[0;1m[33m"and"[39m(B[m, (B[0;1m[33m"the"[39m(B[m, (B[0;1m[33m"mome"[39m(B[m, (B[0;1m[33m"raths"[39m(B[m, (B[0;1m[33m"outgrabe"[39m(B[m,[42;3H};[43d[32mstruct[39m(B[m KeyValue *p = (B[0;1m[31mNULL[39m(B[m;[44;3H(B[0;1m[33mfor[39m(B[m ([32mint[39m(B[m i = 0; i < [32msizeof[39m(B[m(keys)/[32msizeof[39m(B[m(keys[0]); i++) {[45;5Hp = add_key_value(p, keys[i], i);[46;3H}[48d(B[0;7m^G(B[m Get Help    (B[0;7m^O(B[m Write Out   (B[0;7m^W(B[m Where Is    (B[0;7m^K(B[m Cut Text    (B[0;7m^J(B[m Justify[49;76H[1d[47;3H[35mreturn[39m(B[m p;[48d}[K[49;28H(B[0;7m[ Help mode disabled ](B[m[27;19H[?12l[?25h[?25lchary *)tp->key);[27;20H[?12l[?25h[?25l[15G[32mchar[39m(B[m[1P[?12l[?25h[?25l[?1h=[?1h=[?1h=[H[2J(B[0;7m  GNU nano 3.2                   bug-program.c                    Modified  [3;3H(B[0;1m[34m//allocate storage for string pointed to by k[4;3H(B[0m[32mchar[39m(B[m *s = malloc(strlen(k)+1);[6;3H(B[0;1m[33mif[39m(B[m (kv == (B[0;1m[31mNULL[39m(B[m || s == (B[0;1m[31mNULL[39m(B[m) { (B[0;1m[34m//check if allocations succeeded[7;5H[39m(B[mfprintf(stderr, (B[0;1m[33m"malloc failure: %s\n"[39m(B[m, strerror(errno));[8;5Hexit(1);[9;3H}[10dstrcpy(s, k);  (B[0;1m[34m//copy string k into newly allocated memory pointed to by s[12;3H//initialize fields of *kv.[13;3H[39m(B[mkv->key = s; kv->value = v; kv->succ = keyValues;[15;3H[35mreturn[39m(B[m kv;[16d}[18d(B[0;1m[34m/** Free all the key-value's in keyValues. */[19d(B[0m[32mstatic[39m(B[m [32mvoid[20d[39m(B[mfree_key_values([32mstruct[39m(B[m KeyValue *keyValues)[21d{[22d (B[0;1m[34m//go thru chain of keyValues[23;3H(B[0m[32mstruct[39m(B[m KeyValue *tp;[24;3H(B[0;1m[33mwhile[39m(B[m (keyValues != (B[0;1m[31mNULL[39m(B[m) {[25;9Htp = keyValues;[26;9HkeyValues = keyValues ->succ;[27;9Hfree(([32mchar[39m(B[m *)tp->key);[28;9Hfree(tp);[29;3H}[30d}[32d(B[0;1m[34m/** Make key-values for all the words in the first verse of Carroll's[33d *  Jabberwocky with value being the index of the word.[34d */[35d(B[0m[32mstatic[39m(B[m [32mstruct[39m(B[m KeyValue *[36dmake_key_values([32mvoid[39m(B[m) {[37;3H[32mconst[39m(B[m [32mchar[39m(B[m *keys[] = {[38;5H(B[0;1m[33m"twas"[39m(B[m, (B[0;1m[33m"brillig"[39m(B[m, (B[0;1m[33m"and"[39m(B[m, (B[0;1m[33m"the"[39m(B[m, (B[0;1m[33m"slithy"[39m(B[m, (B[0;1m[33m"toves"[39m(B[m,[39;5H(B[0;1m[33m"did"[39m(B[m, (B[0;1m[33m"gyre"[39m(B[m, (B[0;1m[33m"and"[39m(B[m, (B[0;1m[33m"gimble"[39m(B[m, (B[0;1m[33m"in"[39m(B[m, (B[0;1m[33m"the"[39m(B[m, (B[0;1m[33m"wabe"[39m(B[m,[40;5H(B[0;1m[33m"all"[39m(B[m, (B[0;1m[33m"mimsy"[39m(B[m, (B[0;1m[33m"were"[39m(B[m, (B[0;1m[33m"the"[39m(B[m, (B[0;1m[33m"borogoves"[39m(B[m,[41;5H(B[0;1m[33m"and"[39m(B[m, (B[0;1m[33m"the"[39m(B[m, (B[0;1m[33m"mome"[39m(B[m, (B[0;1m[33m"raths"[39m(B[m, (B[0;1m[33m"outgrabe"[39m(B[m,[42;3H};[43d[32mstruct[39m(B[m KeyValue *p = (B[0;1m[31mNULL[39m(B[m;[44;3H(B[0;1m[33mfor[39m(B[m ([32mint[39m(B[m i = 0; i < [32msizeof[39m(B[m(keys)/[32msizeof[39m(B[m(keys[0]); i++) {[45;5Hp = add_key_value(p, keys[i], i);[46;3H}[48d[1;75H[48d(B[0;7m^G(B[m Get Help    (B[0;7m^O(B[m Write Out   (B[0;7m^W(B[m Where Is    (B[0;7m^K(B[m Cut Text    (B[0;7m^J(B[m Justify[49d(B[0;7m^X(B[m Exit[49;16H(B[0;7m^R(B[m Read File   (B[0;7m^\(B[m Replace     (B[0;7m^U(B[m Uncut Text  (B[0;7m^T(B[m To Spell[47d[47;28H(B[0;7m[ Help mode enabled ](B[m[27;19H[?12l[?25h[?25l[47d(B[0;7mSave modified buffer?  (Answering "No" will DISCARD changes.)               [48;1H Y(B[m Yes[K[49d(B[0;7m N(B[m No  [49;16H (B[0;7m^C(B[m Cancel[K[47;63H[?12l[?25h[?25l[48d(B[0;7m^G(B[m Get Help[48;20H(B[0;7mM-D(B[m DOS Format     (B[0;7mM-A(B[m Append[48;58H(B[0;7mM-B(B[m Backup File[49d(B[0;7m^C(B[m Cancel[17G   (B[0;7mM-M(B[m Mac Format     (B[0;7mM-P(B[m Prepend[49;58H(B[0;7m^T(B[m To Files[47d(B[0;7mFile Name to Write: bug-program.c                            (B[m[47;34H[?12l[?25h[?25l[K[1;75H[1;67H(B[0;7m        (B[m[47;30H(B[0;7m[ Wrote 80 lines ](B[m[J[49;76H[?12l[?25h[49;1H[?1049l[23;0;0t[?1l>cyang58@remote03:~/i220a/submit/lab10/exercises/bug-program$ make
cc -g -Wall -std=c11 -O1    bug-program.c   -o bug-program
cyang58@remote03:~/i220a/submit/lab10/exercises/bug-program$ make
make: Nothing to be done for 'all'.
cyang58@remote03:~/i220a/submit/lab10/exercises/bug-program$ MALL[K[K[K[KMALLOC_CHECK_=1 ./bug-program
outgrabe: 22
raths: 21
mome: 20
the: 19
and: 18
borogoves: 17
the: 16
were: 15
mimsy: 14
all: 13
wabe: 12
the: 11
in: 10
gimble: 9
and: 8
gyre: 7
did: 6
toves: 5
slithy: 4
the: 3
and: 2
brillig: 1
twas: 0
cyang58@remote03:~/i220a/submit/lab10/exercises/bug-program$ valgrind -v --leak-check=yes ./bug-program 2>bug-program.valgrind
outgrabe: 22
raths: 21
mome: 20
the: 19
and: 18
borogoves: 17
the: 16
were: 15
mimsy: 14
all: 13
wabe: 12
the: 11
in: 10
gimble: 9
and: 8
gyre: 7
did: 6
toves: 5
slithy: 4
the: 3
and: 2
brillig: 1
twas: 0
cyang58@remote03:~/i220a/submit/lab10/exercises/bug-program$ le[K[Kclear
[H[2J[3Jcyang58@remote03:~/i220a/submit/lab10/exercises/bug-program$ cat vu[K[Kbug-program [A[C[C[C[C[C[C[C[C[C[C[C[C[C[C[C[C[C[C[C[C[C[C[C[C[C[C[C[C[C[C[C[C[C[C[C[C[C[C[C[C[C[C[C[C[C[C[C[C[C[C[C[C[C[C[C[C[C[C[C[C[C[C[C[C[C[C[C[C[C[C[C[C[C[C[C[Km
ELF          >    À      @       hM          @ 8  @ % $       @       @       @       h      h                   ¨      ¨      ¨                                                         0      0                                        -      -                                                                      è-      è=      è=      €      ¨                   ø-      ø=      ø=      à      à                   Ä      Ä      Ä      D       D              Påtd   ˆ       ˆ       ˆ       <       <              Qåtd                                                  Råtd   è-      è=      è=                         /lib64/ld-linux-x86-64.so.2          GNU                        GNU gtÈÂPÉîYåmB°ÿÜ¶S                       ÑeÎm9ò‹                        h                                            y                                             7                      V                      6                      •                       (                                            ¤                       M                      >   "                   /     €@              libc.so.6 strcpy exit __errno_location malloc stderr fprintf __cxa_finalize strerror __libc_start_main free GLIBC_2.2.5 _ITM_deregisterTMCloneTable __gmon_start__ _ITM_registerTMCloneTable                                    ui	   m       è=                    ð=             `      `@             `@      Ø?                    à?                    è?                    ð?                    ø?                    €@                    @                     @                    (@                    0@                    8@                    @@         	           H@         
           P@                                                                                                                                                                                                                                                                                                                                                                                                                                                                                                                                                                                                                                                                                                                                                                                                                                                                                                                                                                                                                                                                                                                                                                                                                                                                                                                                                                                                                                                                                                                                                                                                                                                                                                                                                                                                                                                                                                                                                                                                                                                                                                                                                                                                                                                                                                                                                                    HƒìH‹Ý/  H…ÀtÿÐHƒÄÃ         ÿ5â/  ÿ%ä/  @ ÿ%â/  h    éàÿÿÿÿ%Ú/  h   éÐÿÿÿÿ%Ò/  h   éÀÿÿÿÿ%Ê/  h   é°ÿÿÿÿ%Â/  h   é ÿÿÿÿ%º/  h   éÿÿÿÿ%²/  h   é€ÿÿÿÿ%ª/  h   épÿÿÿÿ%B/  f        1íI‰Ñ^H‰âHƒäðPTLJ  Hã  H=Á   ÿö.  ôD  H=q/  Hj/  H9øtH‹Î.  H…Àt	ÿà€    Ã€    H=A/  H5:/  H)þHÁþH‰ðHÁè?HÆHÑþtH‹¥.  H…ÀtÿàfD  Ã€    €=!/   u/UHƒ=†.   H‰åtH‹=â.  è-ÿÿÿèhÿÿÿÆù.  ]Ã€    Ã€    é{ÿÿÿAWAVAUATUSHìÈ   HG  H‰$HA  H‰D$H=  H‰T$H5  H‰D$H5-  H‰t$ H5(  H‰t$(H5"  H‰t$0H5  H‰t$8H‰T$@H5  H‰t$HH5	  H‰t$PH‰D$XH5û  H‰t$`H5ô  H‰t$hH5ì  H‰t$pH5æ  H‰t$xH‰„$€   H5×  H‰´$ˆ   H‰”$   H‰„$˜   HÂ  H‰„$    H¸  H‰„$¨   H¯  H‰„$°   ½    A¾    L‹,ì¿   è¬ýÿÿH‰Ã¸    HÇÁÿÿÿÿL‰ïò®H÷ÑH‰ÏèýÿÿI‰ÄH…Û„   H…Àt|L‰îH‰ÇèAýÿÿL‰#‰kL‰sHƒÅI‰ÞHƒýu H‰ÝL%O  ‹UH‹u L‰ç¸    èýÿÿH‹mH…íuãH‹kH‹;è×üÿÿH‰ßèÏüÿÿH‰ëH…íuä¸    HÄÈ   []A\A]A^A_Ãè»üÿÿ‹8èýÿÿH‰ÂH5Õ  H‹=ã,  ¸    èÉüÿÿ¿   èßüÿÿf.„     D  AWI‰×AVI‰öAUA‰ýATL%*  UH-*  SL)åHƒìèüÿÿHÁýt1Û L‰úL‰öD‰ïAÿÜHƒÃH9ÝuêHƒÄ[]A\A]A^A_Ã Ã   HƒìHƒÄÃ                                                                                                                                                                                                                                                                                                                                                                                                                                                                                                                                                                                                                                                                                                                                                                                                                                                                                                                                                                                                                                                                                                                                                                                                                                                                                                                                                                                                                                                                                                                                                                                                                                                                                                                                                                                                                                                                                                                                                                                                                                                                                                                                                                                                                                                                                                                                                                                                                                                                                                                                                                                                                                                                                                                                                                                                                                                                                                                                                                                                                                                                                                                                                     twas brillig and the slithy toves did gyre gimble in wabe all mimsy were borogoves mome raths outgrabe malloc failure: %s
 %s: %d
  ;<      ˜ïÿÿˆ   (ðÿÿ°   8ðÿÿX   ñÿÿÈ   8óÿÿ  ˜óÿÿ`             zR x      Øïÿÿ+                  zR x  $      ïÿÿ    FJw€ ?;*3$"       D   pïÿÿ           L   \   Mðÿÿ   BBŽB B(ŒA0†A8ƒG€¿
8A0A(B BBBA   D   ¬   òÿÿ]    BEŽE E(ŒH0†H8ƒG@j8A0A(B BBB    ô   0òÿÿ                                                                                                                                                                                                                                                                                                                                                                                                                                                                                                                                                                                                                                                                                                                                                                                                                                                                                                                                                                                                                                                                                                                                                                                                                                                                                                                                                                                                                                                                                                                                                                                                                                                                                                                                                                                                                                                                                                                                                                                                                                                                                                                                                                                                                                                                                                                                                                                                                                                                                                                                                                                                                                                                                                                                                                                                                                                                                                                                                                                                                                                                                                                                                                                          `                                         $             è=                           ð=                    õþÿo                 ˜             0      
       ¾                                            @             À                            p             ˜             Ø       	              ûÿÿo           þÿÿo    x      ÿÿÿo           ðÿÿo    V      ùÿÿo                                                                                                                                   ø=                      6      F      V      f      v      †      –      ¦              `@      GCC: (Debian 8.3.0-6) 8.3.0 ,             ¥                                   d  ô   W   ¥                ?   Ø9   )  .  V  Ù  X  5   int   S  –l   I  —l   ‘   _  ‘   7  Ø1$  	ª   3e    	Ì  6	‹   	Ç   7	‹   	”  8	‹   	´  9	‹    	œ   :	‹   (	;  ;	‹   0	±   <	‹   8	    =	‹   @	±  @	‹   H	p  A	‹   P	   B	‹   X	¾   D=  `	[  FC  h	¿  He   p	†  Ie   t	   Js   x	  MP   €	¢  NW   ‚	ª  OI  ƒ	  QY  ˆ	   Y   	   [d  ˜	e  \o   	ñ  ]C  ¨	Ô   ^	G   °	  _
-   ¸	Ž  `e   À	Ã  bu  Ä ;     
Ö  +Ÿ  8     ‘   Y  9     0    _  b  j  ‘   …  9    €  ‰‘  $  Ï  Š‘    ‹‘  	  ë   ë  key ë   	–   	e   	á   
ñ   ˜   ¶  ì  Ie   ¥            œü  M   Jñ         Ð   ]  p Kñ  >   :   D      ¬  U|   ü  ¶          J •        ‘€~  |   t   #  @   $  ã   Ù   e  Ê          A	Œ  _  [  ‚  ™  •  v  Ó  Ï     –    	  ¡  `  X  Ô      ¹    UH ó      ¹        Æ  D  U| T}  …      Ò  Œ      Þ  §      ë  }  T	k        ±      ø  U1      @  M             NM  À  ¼   M             Y  ø  ö  Y        a        Us     !%   8ñ  0  "@  90  #p ?ñ  $#i @e     ë  @  9    %  (e  &M   ("ñ  #tp +ñ   !Ž   ñ  ¬  &M    ñ  'k 7ë  'v >e   #kv ñ  #s 	‹    (È  È  L(F   F   )ÿ  ÿ  y)E  E  	%()  )  Œ(Ç  Ç  F(2  2  f(æ   æ   3 %   :;9I  $ >     $ >   I  & I  :;9  	 :;9I8  
 :;9   <  I  ! I/  4 :;9I?<   :;9I8  .?:;9I@—B  4 :;9I·B  U  4 :;9I·B  ‰‚1  Š‚ ‘B  1R¸BUXYW  U  4 1  4 1·B  1U  1R¸BUXYW   1·B  ‰‚1  ‰‚ 1  1XYW     !.:;9'I   "4 :;9I  #4 :;9I  $  %.:;9'   & :;9I  ' :;9I  (. ?<n:;9  ). ?<n:;9   ø     û      /usr/lib/gcc/x86_64-linux-gnu/8/include /usr/include/x86_64-linux-gnu/bits /usr/include/x86_64-linux-gnu/bits/types /usr/include  bug-program.c    stddef.h   types.h   struct_FILE.h   FILE.h   stdio.h   stdlib.h   string.h   errno.h     	¥      È n…y^h	QJËX „Ú¯<<(LrJ+<iJ7< t5 ; J XbKƒ€	:$XÖfK<6X"
 _IO_buf_end _old_offset _IO_save_end make_key_values short int size_t malloc keyValues /home/cyang58/i220a/submit/lab10/exercises/bug-program add_key_value _IO_write_ptr _flags _IO_buf_base _markers _IO_read_end _freeres_buf succ free KeyValue bug-program.c stderr long long int _lock _cur_column strerror exit _IO_FILE keys __errno_location unsigned char GNU C11 8.3.0 -mtune=generic -march=x86-64 -g -O1 -std=c11 _IO_marker _shortbuf _IO_write_base _unused2 _IO_read_ptr short unsigned int main _freeres_list strcpy __pad5 free_key_values _IO_codecvt long unsigned int _IO_write_end __off64_t __off_t _chain _IO_wide_data _IO_backup_base stdin _flags2 _mode _IO_read_base _vtable_offset _IO_save_base _fileno fprintf stdout _IO_lock_t          ¨       S¨      Ø       ^                         ‹       S‹      ¨       V                          !       0Ÿ!      t       ^t             SÛ             ^                            !       0Ÿ!      t       Vt      x       vŸx             s”#ŸÛ             V                   %      t       VÛ             V                   %      t       ]Û             ]                   %      t       ^Û             ^                     2      7       P7      t       SÛ             S                       Q      i       Pi      t       \Û      ß       Pß             \                    ¨      ¬       S¬      Ò       V                 ¨      ¿       S                                   „      Û                                        !                  „      Û                            %      {            „      Û                                        „      ¨                                                       ¨                    Ä                    ä                                        0                    ˜                    V                    x                   	 ˜                   
 p                                                              °                    À                    $                                          ˆ                     È                     è=                    ð=                    ø=                    Ø?                     @                    X@                    €@                                                                                                                                                                              !                     ñÿ                     ð                                  !     `              7     ˆ@             F     ð=              m                    y     è=              ˜    ñÿ                    ñÿ                ¦     ü!                   ñÿ                ´      ð=              Å     ø=              Î      è=              á      ˆ               ô      @              ÷                   
                                       ,                     J                      ¢     X@              f                     z    h@                 $              ®                                               X@              ­                     Â                      Ñ   `@              Þ                   í    À      ]       ý                     À     @              ¦    À      +           h@                  ¥            "                     4   h@              @                      Z                     p  "                   Œ    €@              crtstuff.c deregister_tm_clones __do_global_dtors_aux completed.7325 __do_global_dtors_aux_fini_array_entry frame_dummy __frame_dummy_init_array_entry bug-program.c __FRAME_END__ __init_array_end _DYNAMIC __init_array_start __GNU_EH_FRAME_HDR _GLOBAL_OFFSET_TABLE_ __libc_csu_fini free@@GLIBC_2.2.5 __errno_location@@GLIBC_2.2.5 _ITM_deregisterTMCloneTable strcpy@@GLIBC_2.2.5 _edata __libc_start_main@@GLIBC_2.2.5 __data_start fprintf@@GLIBC_2.2.5 __gmon_start__ __dso_handle _IO_stdin_used __libc_csu_init malloc@@GLIBC_2.2.5 __bss_start main exit@@GLIBC_2.2.5 __TMC_END__ _ITM_registerTMCloneTable strerror@@GLIBC_2.2.5 __cxa_finalize@@GLIBC_2.2.5 stderr@@GLIBC_2.2.5  .symtab .strtab .shstrtab .interp .note.ABI-tag .note.gnu.build-id .gnu.hash .dynsym .dynstr .gnu.version .gnu.version_r .rela.dyn .rela.plt .init .plt.got .text .fini .rodata .eh_frame_hdr .eh_frame .init_array .fini_array .dynamic .got.plt .data .bss .comment .debug_aranges .debug_info .debug_abbrev .debug_line .debug_str .debug_loc .debug_ranges                                                                              ¨      ¨                                    #             Ä      Ä                                     1             ä      ä      $                              D   öÿÿo                   (                             N             0      0      h                          V             ˜      ˜      ¾                              ^   ÿÿÿo       V      V                                  k   þÿÿo       x      x                                   z             ˜      ˜      Ø                            „      B       p      p      À                           Ž                                                         ‰                                                        ”             °      °                                                À      À      a                             £             $      $      	                              ©                             ‡                              ±             ˆ       ˆ       <                              ¿             È       È       8                             É             è=      è-                                   Õ             ð=      ð-                                   á             ø=      ø-      à                           ˜             Ø?      Ø/      (                             ê              @       0      X                             ó             X@      X0                                    ù             €@      h0                                     þ      0               h0                                                        „0      0                                                   ´0                                   "                     Ç6      >                             0                     9      ü                             <     0               ;      á                            G                     â=                                   R                     ý@                                                           B      h      #   4                 	                      hI                                                          L      `                             cyang58@remote03:~/i220a/submit/lab10/exercises/bug-program$ ckear[K[K[Kl[K[Kl[K[Kclear
[H[2J[3Jcyang58@remote03:~/i220a/submit/lab10/exercises/bug-program$ exit

Script done on 2020-11-10 21:27:25-05:00 [COMMAND_EXIT_CODE="0"]
